/opt/anaconda3/envs/financial-pipeline/lib/python3.10/site-packages/requests/__init__.py:113: RequestsDependencyWarning: urllib3 (2.6.3) or chardet (7.0.1)/charset_normalizer (3.4.4) doesn't match a supported version!
  warnings.warn(
[0m10:11:25  Running with dbt=1.11.7
/opt/anaconda3/envs/financial-pipeline/lib/python3.10/site-packages/google/api_core/_python_version_support.py:275: FutureWarning: You are using a Python version (3.10.19) which Google will stop supporting in new releases of google.api_core once it reaches its end of life (2026-10-04). Please upgrade to the latest Python version, or at least Python 3.11, to continue receiving updates for google.api_core past that date.
  warnings.warn(message, FutureWarning)
/opt/anaconda3/envs/financial-pipeline/lib/python3.10/site-packages/google/api_core/_python_version_support.py:275: FutureWarning: You are using a Python version (3.10.19) which Google will stop supporting in new releases of google.cloud.dataproc_v1 once it reaches its end of life (2026-10-04). Please upgrade to the latest Python version, or at least Python 3.11, to continue receiving updates for google.cloud.dataproc_v1 past that date.
  warnings.warn(message, FutureWarning)
[0m10:11:26  Registered adapter: bigquery=1.11.1
[0m10:11:26  [[33mWARNING[0m]: Configuration paths exist in your dbt_project.yml file which do not apply to any resources.
There are 1 unused configuration paths:
- models.dbt_stocks.archive
[0m10:11:27  Found 10 models, 68 data tests, 2 sources, 954 macros
[0m10:11:27  
[0m10:11:27  Concurrency: 1 threads (target='dev')
[0m10:11:27  
[0m10:11:29  1 of 1 START sql table model stock_market_data_intermediate.int_unified_stock_history  [RUN]
[0m10:11:49  1 of 1 OK created sql table model stock_market_data_intermediate.int_unified_stock_history  [[32mCREATE TABLE (192.0 rows, 508.6 KiB processed)[0m in 19.58s]
[0m10:11:49  
[0m10:11:49  Finished running 1 table model in 0 hours 0 minutes and 22.50 seconds (22.50s).
[0m10:11:49  
[0m10:11:49  [32mCompleted successfully[0m
[0m10:11:49  
[0m10:11:49  Done. PASS=1 WARN=0 ERROR=0 SKIP=0 NO-OP=0 TOTAL=1
